0 verbose cli C:\Program Files\nodejs\node.exe C:\Program Files\nodejs\node_modules\npm\bin\npm-cli.js
1 info using npm@11.12.1
2 info using node@v24.15.0
3 silly config load:file:C:\Program Files\nodejs\node_modules\npm\npmrc
4 silly config load:file:D:\GitHub\mohalla-community-hub\.npmrc
5 silly config load:file:C:\Users\ahmer\.npmrc
6 silly config load:file:C:\Users\ahmer\AppData\Roaming\npm\etc\npmrc
7 verbose title npm install tw-animate-css
8 verbose argv "install" "tw-animate-css" "--cache" ".\\.npm-cache"
9 verbose logfile logs-max:10 dir:D:\GitHub\mohalla-community-hub\.npm-cache\_logs\2026-06-03T01_00_29_708Z-
10 verbose logfile D:\GitHub\mohalla-community-hub\.npm-cache\_logs\2026-06-03T01_00_29_708Z-debug-0.log
11 warn Unknown project config "auto-install-peers". This will stop working in the next major version of npm. See `npm help npmrc` for supported config options.
12 warn Unknown project config "strict-peer-dependencies". This will stop working in the next major version of npm. See `npm help npmrc` for supported config options.
13 silly logfile done cleaning log files
14 silly packumentCache heap:2348810240 maxSize:587202560 maxEntrySize:293601280
15 verbose shrinkwrap failed to load node_modules/.package-lock.json out of date, updated: node_modules
16 silly idealTree buildDeps
17 silly fetch manifest tw-animate-css@*
18 silly packumentCache full:https://registry.npmjs.org/tw-animate-css cache-miss
19 http fetch GET 200 https://registry.npmjs.org/tw-animate-css 6235ms (cache miss)
20 silly packumentCache full:https://registry.npmjs.org/tw-animate-css set size:undefined disposed:false
21 silly placeDep ROOT tw-animate-css@1.4.0 OK for: mohalla@0.0.0 want: *
22 silly reify moves {}
23 silly audit bulk request {
23 silly audit   '@alloc/quick-lru': [ '5.2.0' ],
23 silly audit   '@babel/code-frame': [ '7.29.7', '7.27.1' ],
23 silly audit   '@babel/compat-data': [ '7.29.7' ],
23 silly audit   '@babel/core': [ '7.29.7' ],
23 silly audit   '@babel/generator': [ '7.29.7' ],
23 silly audit   '@babel/helper-compilation-targets': [ '7.29.7' ],
23 silly audit   '@babel/helper-globals': [ '7.29.7' ],
23 silly audit   '@babel/helper-module-imports': [ '7.29.7' ],
23 silly audit   '@babel/helper-module-transforms': [ '7.29.7' ],
23 silly audit   '@babel/helper-plugin-utils': [ '7.29.7' ],
23 silly audit   '@babel/helper-string-parser': [ '7.29.7' ],
23 silly audit   '@babel/helper-validator-identifier': [ '7.29.7' ],
23 silly audit   '@babel/helper-validator-option': [ '7.29.7' ],
23 silly audit   '@babel/helpers': [ '7.29.7' ],
23 silly audit   '@babel/parser': [ '7.29.7' ],
23 silly audit   '@babel/plugin-syntax-jsx': [ '7.29.7' ],
23 silly audit   '@babel/plugin-syntax-typescript': [ '7.29.7' ],
23 silly audit   '@babel/plugin-transform-react-jsx-self': [ '7.29.7' ],
23 silly audit   '@babel/plugin-transform-react-jsx-source': [ '7.29.7' ],
23 silly audit   '@babel/runtime': [ '7.29.7' ],
23 silly audit   '@babel/template': [ '7.29.7' ],
23 silly audit   '@babel/traverse': [ '7.29.7' ],
23 silly audit   '@babel/types': [ '7.29.7' ],
23 silly audit   '@date-fns/tz': [ '1.5.0' ],
23 silly audit   '@esbuild/aix-ppc64': [ '0.25.12', '0.27.7' ],
23 silly audit   '@esbuild/android-arm': [ '0.25.12', '0.27.7' ],
23 silly audit   '@esbuild/android-arm64': [ '0.25.12', '0.27.7' ],
23 silly audit   '@esbuild/android-x64': [ '0.25.12', '0.27.7' ],
23 silly audit   '@esbuild/darwin-arm64': [ '0.25.12', '0.27.7' ],
23 silly audit   '@esbuild/darwin-x64': [ '0.25.12', '0.27.7' ],
23 silly audit   '@esbuild/freebsd-arm64': [ '0.25.12', '0.27.7' ],
23 silly audit   '@esbuild/freebsd-x64': [ '0.25.12', '0.27.7' ],
23 silly audit   '@esbuild/linux-arm': [ '0.25.12', '0.27.7' ],
23 silly audit   '@esbuild/linux-arm64': [ '0.25.12', '0.27.7' ],
23 silly audit   '@esbuild/linux-ia32': [ '0.25.12', '0.27.7' ],
23 silly audit   '@esbuild/linux-loong64': [ '0.25.12', '0.27.7' ],
23 silly audit   '@esbuild/linux-mips64el': [ '0.25.12', '0.27.7' ],
23 silly audit   '@esbuild/linux-ppc64': [ '0.25.12', '0.27.7' ],
23 silly audit   '@esbuild/linux-riscv64': [ '0.25.12', '0.27.7' ],
23 silly audit   '@esbuild/linux-s390x': [ '0.25.12', '0.27.7' ],
23 silly audit   '@esbuild/linux-x64': [ '0.25.12', '0.27.7' ],
23 silly audit   '@esbuild/netbsd-arm64': [ '0.25.12', '0.27.7' ],
23 silly audit   '@esbuild/netbsd-x64': [ '0.25.12', '0.27.7' ],
23 silly audit   '@esbuild/openbsd-arm64': [ '0.25.12', '0.27.7' ],
23 silly audit   '@esbuild/openbsd-x64': [ '0.25.12', '0.27.7' ],
23 silly audit   '@esbuild/openharmony-arm64': [ '0.25.12', '0.27.7' ],
23 silly audit   '@esbuild/sunos-x64': [ '0.25.12', '0.27.7' ],
23 silly audit   '@esbuild/win32-arm64': [ '0.25.12', '0.27.7' ],
23 silly audit   '@esbuild/win32-ia32': [ '0.25.12', '0.27.7' ],
23 silly audit   '@esbuild/win32-x64': [ '0.25.12', '0.27.7' ],
23 silly audit   '@floating-ui/core': [ '1.7.5' ],
23 silly audit   '@floating-ui/dom': [ '1.7.6' ],
23 silly audit   '@floating-ui/react-dom': [ '2.1.8' ],
23 silly audit   '@floating-ui/utils': [ '0.2.11' ],
23 silly audit   '@hookform/resolvers': [ '3.10.0' ],
23 silly audit   '@jridgewell/gen-mapping': [ '0.3.13' ],
23 silly audit   '@jridgewell/remapping': [ '2.3.5' ],
23 silly audit   '@jridgewell/resolve-uri': [ '3.1.2' ],
23 silly audit   '@jridgewell/sourcemap-codec': [ '1.5.5' ],
23 silly audit   '@jridgewell/trace-mapping': [ '0.3.31' ],
23 silly audit   '@lovable.dev/vite-plugin-dev-server-bridge': [ '1.0.0' ],
23 silly audit   '@lovable.dev/vite-plugin-hmr-gate': [ '1.0.0' ],
23 silly audit   '@lovable.dev/vite-tanstack-config': [ '2.3.1' ],
23 silly audit   '@nodelib/fs.scandir': [ '2.1.5' ],
23 silly audit   '@nodelib/fs.stat': [ '2.0.5' ],
23 silly audit   '@nodelib/fs.walk': [ '1.2.8' ],
23 silly audit   '@oozcitak/dom': [ '2.0.2' ],
23 silly audit   '@oozcitak/infra': [ '2.0.2' ],
23 silly audit   '@oozcitak/url': [ '3.0.0' ],
23 silly audit   '@oozcitak/util': [ '10.0.0' ],
23 silly audit   '@radix-ui/number': [ '1.1.1' ],
23 silly audit   '@radix-ui/primitive': [ '1.1.3' ],
23 silly audit   '@radix-ui/react-accordion': [ '1.2.12' ],
23 silly audit   '@radix-ui/react-alert-dialog': [ '1.1.15' ],
23 silly audit   '@radix-ui/react-slot': [ '1.2.3', '1.2.4' ],
23 silly audit   '@radix-ui/react-arrow': [ '1.1.7' ],
23 silly audit   '@radix-ui/react-aspect-ratio': [ '1.1.8' ],
23 silly audit   '@radix-ui/react-primitive': [ '2.1.4', '2.1.3' ],
23 silly audit   '@radix-ui/react-avatar': [ '1.1.11' ],
23 silly audit   '@radix-ui/react-context': [ '1.1.3', '1.1.2' ],
23 silly audit   '@radix-ui/react-checkbox': [ '1.3.3' ],
23 silly audit   '@radix-ui/react-collapsible': [ '1.1.12' ],
23 silly audit   '@radix-ui/react-collection': [ '1.1.7' ],
23 silly audit   '@radix-ui/react-compose-refs': [ '1.1.2' ],
23 silly audit   '@radix-ui/react-context-menu': [ '2.2.16' ],
23 silly audit   '@radix-ui/react-dialog': [ '1.1.15' ],
23 silly audit   '@radix-ui/react-direction': [ '1.1.1' ],
23 silly audit   '@radix-ui/react-dismissable-layer': [ '1.1.11' ],
23 silly audit   '@radix-ui/react-dropdown-menu': [ '2.1.16' ],
23 silly audit   '@radix-ui/react-focus-guards': [ '1.1.3' ],
23 silly audit   '@radix-ui/react-focus-scope': [ '1.1.7' ],
23 silly audit   '@radix-ui/react-hover-card': [ '1.1.15' ],
23 silly audit   '@radix-ui/react-id': [ '1.1.1' ],
23 silly audit   '@radix-ui/react-label': [ '2.1.8' ],
23 silly audit   '@radix-ui/react-menu': [ '2.1.16' ],
23 silly audit   '@radix-ui/react-menubar': [ '1.1.16' ],
23 silly audit   '@radix-ui/react-navigation-menu': [ '1.2.14' ],
23 silly audit   '@radix-ui/react-popover': [ '1.1.15' ],
23 silly audit   '@radix-ui/react-popper': [ '1.2.8' ],
23 silly audit   '@radix-ui/react-portal': [ '1.1.9' ],
23 silly audit   '@radix-ui/react-presence': [ '1.1.5' ],
23 silly audit   '@radix-ui/react-progress': [ '1.1.8' ],
23 silly audit   '@radix-ui/react-radio-group': [ '1.3.8' ],
23 silly audit   '@radix-ui/react-roving-focus': [ '1.1.11' ],
23 silly audit   '@radix-ui/react-scroll-area': [ '1.2.10' ],
23 silly audit   '@radix-ui/react-select': [ '2.2.6' ],
23 silly audit   '@radix-ui/react-separator': [ '1.1.8' ],
23 silly audit   '@radix-ui/react-slider': [ '1.3.6' ],
23 silly audit   '@radix-ui/react-switch': [ '1.2.6' ],
23 silly audit   '@radix-ui/react-tabs': [ '1.1.13' ],
23 silly audit   '@radix-ui/react-toggle': [ '1.1.10' ],
23 silly audit   '@radix-ui/react-toggle-group': [ '1.1.11' ],
23 silly audit   '@radix-ui/react-tooltip': [ '1.2.8' ],
23 silly audit   '@radix-ui/react-use-callback-ref': [ '1.1.1' ],
23 silly audit   '@radix-ui/react-use-controllable-state': [ '1.2.2' ],
23 silly audit   '@radix-ui/react-use-effect-event': [ '0.0.2' ],
23 silly audit   '@radix-ui/react-use-escape-keydown': [ '1.1.1' ],
23 silly audit   '@radix-ui/react-use-is-hydrated': [ '0.1.0' ],
23 silly audit   '@radix-ui/react-use-layout-effect': [ '1.1.1' ],
23 silly audit   '@radix-ui/react-use-previous': [ '1.1.1' ],
23 silly audit   '@radix-ui/react-use-rect': [ '1.1.1' ],
23 silly audit   '@radix-ui/react-use-size': [ '1.1.1' ],
23 silly audit   '@radix-ui/react-visually-hidden': [ '1.2.3' ],
23 silly audit   '@radix-ui/rect': [ '1.1.1' ],
23 silly audit   '@rolldown/pluginutils': [ '1.0.1', '1.0.0-rc.3' ],
23 silly audit   '@rollup/rollup-android-arm-eabi': [ '4.61.0' ],
23 silly audit   '@rollup/rollup-android-arm64': [ '4.61.0' ],
23 silly audit   '@rollup/rollup-darwin-arm64': [ '4.61.0' ],
23 silly audit   '@rollup/rollup-darwin-x64': [ '4.61.0' ],
23 silly audit   '@rollup/rollup-freebsd-arm64': [ '4.61.0' ],
23 silly audit   '@rollup/rollup-freebsd-x64': [ '4.61.0' ],
23 silly audit   '@rollup/rollup-linux-arm-gnueabihf': [ '4.61.0' ],
23 silly audit   '@rollup/rollup-linux-arm-musleabihf': [ '4.61.0' ],
23 silly audit   '@rollup/rollup-linux-arm64-gnu': [ '4.61.0' ],
23 silly audit   '@rollup/rollup-linux-arm64-musl': [ '4.61.0' ],
23 silly audit   '@rollup/rollup-linux-loong64-gnu': [ '4.61.0' ],
23 silly audit   '@rollup/rollup-linux-loong64-musl': [ '4.61.0' ],
23 silly audit   '@rollup/rollup-linux-ppc64-gnu': [ '4.61.0' ],
23 silly audit   '@rollup/rollup-linux-ppc64-musl': [ '4.61.0' ],
23 silly audit   '@rollup/rollup-linux-riscv64-gnu': [ '4.61.0' ],
23 silly audit   '@rollup/rollup-linux-riscv64-musl': [ '4.61.0' ],
23 silly audit   '@rollup/rollup-linux-s390x-gnu': [ '4.61.0' ],
23 silly audit   '@rollup/rollup-linux-x64-gnu': [ '4.61.0' ],
23 silly audit   '@rollup/rollup-linux-x64-musl': [ '4.61.0' ],
23 silly audit   '@rollup/rollup-openbsd-x64': [ '4.61.0' ],
23 silly audit   '@rollup/rollup-openharmony-arm64': [ '4.61.0' ],
23 silly audit   '@rollup/rollup-win32-arm64-msvc': [ '4.61.0' ],
23 silly audit   '@rollup/rollup-win32-ia32-msvc': [ '4.61.0' ],
23 silly audit   '@rollup/rollup-win32-x64-gnu': [ '4.61.0' ],
23 silly audit   '@rollup/rollup-win32-x64-msvc': [ '4.61.0' ],
23 silly audit   '@supabase/auth-js': [ '2.107.0' ],
23 silly audit   '@supabase/functions-js': [ '2.107.0' ],
23 silly audit   '@supabase/phoenix': [ '0.4.2' ],
23 silly audit   '@supabase/postgrest-js': [ '2.107.0' ],
23 silly audit   '@supabase/realtime-js': [ '2.107.0' ],
23 silly audit   '@supabase/storage-js': [ '2.107.0' ],
23 silly audit   '@supabase/supabase-js': [ '2.107.0' ],
23 silly audit   '@tabby_ai/hijri-converter': [ '1.0.5' ],
23 silly audit   '@tailwindcss/node': [ '4.3.0' ],
23 silly audit   '@tailwindcss/oxide': [ '4.3.0' ],
23 silly audit   '@tailwindcss/oxide-android-arm64': [ '4.3.0' ],
23 silly audit   '@tailwindcss/oxide-darwin-arm64': [ '4.3.0' ],
23 silly audit   '@tailwindcss/oxide-darwin-x64': [ '4.3.0' ],
23 silly audit   '@tailwindcss/oxide-freebsd-x64': [ '4.3.0' ],
23 silly audit   '@tailwindcss/oxide-linux-arm-gnueabihf': [ '4.3.0' ],
23 silly audit   '@tailwindcss/oxide-linux-arm64-gnu': [ '4.3.0' ],
23 silly audit   '@tailwindcss/oxide-linux-arm64-musl': [ '4.3.0' ],
23 silly audit   '@tailwindcss/oxide-linux-x64-gnu': [ '4.3.0' ],
23 silly audit   '@tailwindcss/oxide-linux-x64-musl': [ '4.3.0' ],
23 silly audit   '@tailwindcss/oxide-wasm32-wasi': [ '4.3.0' ],
23 silly audit   '@tailwindcss/oxide-win32-arm64-msvc': [ '4.3.0' ],
23 silly audit   '@tailwindcss/oxide-win32-x64-msvc': [ '4.3.0' ],
23 silly audit   '@tailwindcss/vite': [ '4.3.0' ],
23 silly audit   '@tanstack/history': [ '1.162.0' ],
23 silly audit   '@tanstack/query-core': [ '5.101.0' ],
23 silly audit   '@tanstack/react-query': [ '5.101.0' ],
23 silly audit   '@tanstack/react-router': [ '1.170.11' ],
23 silly audit   '@tanstack/react-start': [ '1.168.19' ],
23 silly audit   '@tanstack/react-start-client': [ '1.168.8' ],
23 silly audit   '@tanstack/react-start-server': [ '1.167.14' ],
23 silly audit   '@tanstack/react-start-rsc': [ '0.1.18' ],
23 silly audit   '@tanstack/react-store': [ '0.9.3' ],
23 silly audit   '@tanstack/router-core': [ '1.171.9' ],
23 silly audit   '@tanstack/router-generator': [ '1.167.13' ],
23 silly audit   zod: [ '4.4.3', '3.25.76' ],
23 silly audit   '@tanstack/router-plugin': [ '1.168.14' ],
23 silly audit   '@tanstack/router-utils': [ '1.162.1' ],
23 silly audit   '@tanstack/start-client-core': [ '1.170.7' ],
23 silly audit   '@tanstack/start-fn-stubs': [ '1.162.0' ],
23 silly audit   '@tanstack/start-plugin-core': [ '1.171.11' ],
23 silly audit   '@tanstack/start-server-core': [ '1.169.9' ],
23 silly audit   '@tanstack/start-storage-context': [ '1.167.11' ],
23 silly audit   '@tanstack/store': [ '0.9.3' ],
23 silly audit   '@tanstack/virtual-file-routes': [ '1.162.0' ],
23 silly audit   '@types/babel__core': [ '7.20.5' ],
23 silly audit   '@types/babel__generator': [ '7.27.0' ],
23 silly audit   '@types/babel__template': [ '7.4.4' ],
23 silly audit   '@types/babel__traverse': [ '7.28.0' ],
23 silly audit   '@types/d3-array': [ '3.2.2' ],
23 silly audit   '@types/d3-color': [ '3.1.3' ],
23 silly audit   '@types/d3-ease': [ '3.0.2' ],
23 silly audit   '@types/d3-interpolate': [ '3.0.4' ],
23 silly audit   '@types/d3-path': [ '3.1.1' ],
23 silly audit   '@types/d3-scale': [ '4.0.9' ],
23 silly audit   '@types/d3-shape': [ '3.1.8' ],
23 silly audit   '@types/d3-time': [ '3.0.4' ],
23 silly audit   '@types/d3-timer': [ '3.0.2' ],
23 silly audit   '@types/estree': [ '1.0.9' ],
23 silly audit   '@types/node': [ '25.9.1' ],
23 silly audit   '@types/react': [ '19.2.16' ],
23 silly audit   '@types/react-dom': [ '19.2.3' ],
23 silly audit   '@vitejs/plugin-react': [ '5.2.0' ],
23 silly audit   ansis: [ '4.3.1' ],
23 silly audit   'any-promise': [ '1.3.0' ],
23 silly audit   anymatch: [ '3.1.3' ],
23 silly audit   picomatch: [ '2.3.2', '4.0.4' ],
23 silly audit   arg: [ '5.0.2' ],
23 silly audit   argparse: [ '2.0.1' ],
23 silly audit   'aria-hidden': [ '1.2.6' ],
23 silly audit   'babel-dead-code-elimination': [ '1.0.12' ],
23 silly audit   'baseline-browser-mapping': [ '2.10.33' ],
23 silly audit   'binary-extensions': [ '2.3.0' ],
23 silly audit   braces: [ '3.0.3' ],
23 silly audit   browserslist: [ '4.28.2' ],
23 silly audit   'camelcase-css': [ '2.0.1' ],
23 silly audit   'caniuse-lite': [ '1.0.30001793' ],
23 silly audit   chokidar: [ '5.0.0', '3.6.0' ],
23 silly audit   'class-variance-authority': [ '0.7.1' ],
23 silly audit   clsx: [ '2.1.1' ],
23 silly audit   cmdk: [ '1.1.1' ],
23 silly audit   commander: [ '4.1.1' ],
23 silly audit   'convert-source-map': [ '2.0.0' ],
23 silly audit   'cookie-es': [ '3.1.1' ],
23 silly audit   cssesc: [ '3.0.0' ],
23 silly audit   csstype: [ '3.2.3' ],
23 silly audit   'd3-array': [ '3.2.4' ],
23 silly audit   'd3-color': [ '3.1.0' ],
23 silly audit   'd3-ease': [ '3.0.1' ],
23 silly audit   'd3-format': [ '3.1.2' ],
23 silly audit   'd3-interpolate': [ '3.0.1' ],
23 silly audit   'd3-path': [ '3.1.0' ],
23 silly audit   'd3-scale': [ '4.0.2' ],
23 silly audit   'd3-shape': [ '3.2.0' ],
23 silly audit   'd3-time': [ '3.1.0' ],
23 silly audit   'd3-time-format': [ '4.1.0' ],
23 silly audit   'd3-timer': [ '3.0.1' ],
23 silly audit   'date-fns': [ '3.6.0', '4.4.0' ],
23 silly audit   'date-fns-jalali': [ '4.1.0-0' ],
23 silly audit   debug: [ '4.4.3' ],
23 silly audit   'decimal.js-light': [ '2.5.1' ],
23 silly audit   'detect-libc': [ '2.1.2' ],
23 silly audit   'detect-node-es': [ '1.1.0' ],
23 silly audit   didyoumean: [ '1.2.2' ],
23 silly audit   diff: [ '8.0.4' ],
23 silly audit   dlv: [ '1.1.3' ],
23 silly audit   'dom-helpers': [ '5.2.1' ],
23 silly audit   'electron-to-chromium': [ '1.5.366' ],
23 silly audit   'embla-carousel': [ '8.6.0' ],
23 silly audit   'embla-carousel-react': [ '8.6.0' ],
23 silly audit   'embla-carousel-reactive-utils': [ '8.6.0' ],
23 silly audit   'enhanced-resolve': [ '5.22.1' ],
23 silly audit   'es-errors': [ '1.3.0' ],
23 silly audit   esbuild: [ '0.25.12', '0.27.7' ],
23 silly audit   escalade: [ '3.2.0' ],
23 silly audit   eventemitter3: [ '4.0.7' ],
23 silly audit   exsolve: [ '1.0.8' ],
23 silly audit   'fast-equals': [ '5.4.0' ],
23 silly audit   'fast-glob': [ '3.3.3' ],
23 silly audit   'glob-parent': [ '5.1.2', '6.0.2' ],
23 silly audit   fastq: [ '1.20.1' ],
23 silly audit   fdir: [ '6.5.0' ],
23 silly audit   fetchdts: [ '0.1.7' ],
23 silly audit   'fill-range': [ '7.1.1' ],
23 silly audit   'framer-motion': [ '12.40.0' ],
23 silly audit   fsevents: [ '2.3.3' ],
23 silly audit   'function-bind': [ '1.1.2' ],
23 silly audit   gensync: [ '1.0.0-beta.2' ],
23 silly audit   'get-nonce': [ '1.0.1' ],
23 silly audit   globrex: [ '0.1.2' ],
23 silly audit   'graceful-fs': [ '4.2.11' ],
23 silly audit   h3: [ '2.0.1-rc.20' ],
23 silly audit   hasown: [ '2.0.4' ],
23 silly audit   'iceberg-js': [ '0.8.1' ],
23 silly audit   'input-otp': [ '1.4.2' ],
23 silly audit   internmap: [ '2.0.3' ],
23 silly audit   'is-binary-path': [ '2.1.0' ],
23 silly audit   'is-core-module': [ '2.16.2' ],
23 silly audit   'is-extglob': [ '2.1.1' ],
23 silly audit   'is-glob': [ '4.0.3' ],
23 silly audit   'is-number': [ '7.0.0' ],
23 silly audit   isbot: [ '5.1.40' ],
23 silly audit   jiti: [ '2.7.0', '1.21.7' ],
23 silly audit   'js-tokens': [ '4.0.0' ],
23 silly audit   'js-yaml': [ '4.2.0' ],
23 silly audit   jsesc: [ '3.1.0' ],
23 silly audit   json5: [ '2.2.3' ],
23 silly audit   lightningcss: [ '1.32.0' ],
23 silly audit   'lightningcss-android-arm64': [ '1.32.0' ],
23 silly audit   'lightningcss-darwin-arm64': [ '1.32.0' ],
23 silly audit   'lightningcss-darwin-x64': [ '1.32.0' ],
23 silly audit   'lightningcss-freebsd-x64': [ '1.32.0' ],
23 silly audit   'lightningcss-linux-arm-gnueabihf': [ '1.32.0' ],
23 silly audit   'lightningcss-linux-arm64-gnu': [ '1.32.0' ],
23 silly audit   'lightningcss-linux-arm64-musl': [ '1.32.0' ],
23 silly audit   'lightningcss-linux-x64-gnu': [ '1.32.0' ],
23 silly audit   'lightningcss-linux-x64-musl': [ '1.32.0' ],
23 silly audit   'lightningcss-win32-arm64-msvc': [ '1.32.0' ],
23 silly audit   'lightningcss-win32-x64-msvc': [ '1.32.0' ],
23 silly audit   lilconfig: [ '3.1.3' ],
23 silly audit   'lines-and-columns': [ '1.2.4' ],
23 silly audit   lodash: [ '4.18.1' ],
23 silly audit   'loose-envify': [ '1.4.0' ],
23 silly audit   'lovable-tagger': [ '1.2.0' ],
23 silly audit   readdirp: [ '3.6.0', '5.0.0' ],
23 silly audit   tailwindcss: [ '3.4.19', '4.3.0' ],
23 silly audit   'lru-cache': [ '5.1.1' ],
23 silly audit   'lucide-react': [ '0.545.0' ],
23 silly audit   'magic-string': [ '0.30.21' ],
23 silly audit   merge2: [ '1.4.1' ],
23 silly audit   micromatch: [ '4.0.8' ],
23 silly audit   'motion-dom': [ '12.40.0' ],
23 silly audit   'motion-utils': [ '12.39.0' ],
23 silly audit   ms: [ '2.1.3' ],
23 silly audit   mz: [ '2.7.0' ],
23 silly audit   nanoid: [ '3.3.12' ],
23 silly audit   'next-themes': [ '0.4.6' ],
23 silly audit   'node-releases': [ '2.0.47' ],
23 silly audit   'normalize-path': [ '3.0.0' ],
23 silly audit   'object-assign': [ '4.1.1' ],
23 silly audit   'object-hash': [ '3.0.0' ],
23 silly audit   'path-parse': [ '1.0.7' ],
23 silly audit   pathe: [ '2.0.3' ],
23 silly audit   picocolors: [ '1.1.1' ],
23 silly audit   pify: [ '2.3.0' ],
23 silly audit   pirates: [ '4.0.7' ],
23 silly audit   postcss: [ '8.5.15' ],
23 silly audit   'postcss-import': [ '15.1.0' ],
23 silly audit   'postcss-js': [ '4.1.0' ],
23 silly audit   'postcss-load-config': [ '6.0.1' ],
23 silly audit   'postcss-nested': [ '6.2.0' ],
23 silly audit   'postcss-selector-parser': [ '6.1.2' ],
23 silly audit   'postcss-value-parser': [ '4.2.0' ],
23 silly audit   prettier: [ '3.8.3' ],
23 silly audit   'prop-types': [ '15.8.1' ],
23 silly audit   'react-is': [ '16.13.1', '18.3.1' ],
23 silly audit   'queue-microtask': [ '1.2.3' ],
23 silly audit   react: [ '19.1.0' ],
23 silly audit   'react-day-picker': [ '9.14.0' ],
23 silly audit   'react-dom': [ '19.1.0' ],
23 silly audit   'react-hook-form': [ '7.77.0' ],
23 silly audit   'react-refresh': [ '0.18.0' ],
23 silly audit   'react-remove-scroll': [ '2.7.2' ],
23 silly audit   'react-remove-scroll-bar': [ '2.3.8' ],
23 silly audit   'react-resizable-panels': [ '2.1.9' ],
23 silly audit   'react-smooth': [ '4.0.4' ],
23 silly audit   'react-style-singleton': [ '2.2.3' ],
23 silly audit   'react-transition-group': [ '4.4.5' ],
23 silly audit   'read-cache': [ '1.0.0' ],
23 silly audit   recharts: [ '2.15.4' ],
23 silly audit   'recharts-scale': [ '0.4.5' ],
23 silly audit   resolve: [ '1.22.12' ],
23 silly audit   reusify: [ '1.1.0' ],
23 silly audit   rollup: [ '4.61.0' ],
23 silly audit   rou3: [ '0.8.1' ],
23 silly audit   'run-parallel': [ '1.2.0' ],
23 silly audit   scheduler: [ '0.26.0' ],
23 silly audit   semver: [ '6.3.1' ],
23 silly audit   seroval: [ '1.5.4' ],
23 silly audit   'seroval-plugins': [ '1.5.4' ],
23 silly audit   sonner: [ '2.0.7' ],
23 silly audit   'source-map': [ '0.7.6' ],
23 silly audit   'source-map-js': [ '1.2.1' ],
23 silly audit   srvx: [ '0.11.16' ],
23 silly audit   sucrase: [ '3.35.1' ],
23 silly audit   'supports-preserve-symlinks-flag': [ '1.0.0' ],
23 silly audit   'tailwind-merge': [ '3.6.0' ],
23 silly audit   tapable: [ '2.3.3' ],
23 silly audit   thenify: [ '3.3.1' ],
23 silly audit   'thenify-all': [ '1.6.0' ],
23 silly audit   'tiny-invariant': [ '1.3.3' ],
23 silly audit   tinyglobby: [ '0.2.17' ],
23 silly audit   'to-regex-range': [ '5.0.1' ],
23 silly audit   'ts-interface-checker': [ '0.1.13' ],
23 silly audit   tsconfck: [ '3.1.6' ],
23 silly audit   tslib: [ '2.8.1' ],
23 silly audit   typescript: [ '5.9.3' ],
23 silly audit   ufo: [ '1.6.4' ],
23 silly audit   'undici-types': [ '7.24.6' ],
23 silly audit   unplugin: [ '3.0.0' ],
23 silly audit   'update-browserslist-db': [ '1.2.3' ],
23 silly audit   'use-callback-ref': [ '1.3.3' ],
23 silly audit   'use-sidecar': [ '1.1.3' ],
23 silly audit   'use-sync-external-store': [ '1.6.0' ],
23 silly audit   'util-deprecate': [ '1.0.2' ],
23 silly audit   vaul: [ '1.1.2' ],
23 silly audit   'victory-vendor': [ '36.9.2' ],
23 silly audit   vite: [ '7.3.5' ],
23 silly audit   'vite-tsconfig-paths': [ '6.1.1' ],
23 silly audit   vitefu: [ '1.1.3' ],
23 silly audit   'webpack-virtual-modules': [ '0.6.2' ],
23 silly audit   xmlbuilder2: [ '4.0.3' ],
23 silly audit   yallist: [ '3.1.1' ],
23 silly audit   'tw-animate-css': [ '1.4.0' ]
23 silly audit }
24 http cache tw-animate-css@https://registry.npmjs.org/tw-animate-css/-/tw-animate-css-1.4.0.tgz 1ms (cache hit)
25 silly tarball no local data for tw-animate-css@https://registry.npmjs.org/tw-animate-css/-/tw-animate-css-1.4.0.tgz. Extracting by manifest.
26 http fetch POST 200 https://registry.npmjs.org/-/npm/v1/security/advisories/bulk 949ms
27 silly audit report {}
28 http fetch GET 200 https://registry.npmjs.org/tw-animate-css/-/tw-animate-css-1.4.0.tgz 819ms (cache miss)
29 silly ADD node_modules/tw-animate-css
30 verbose cwd D:\GitHub\mohalla-community-hub
31 verbose os Windows_NT 10.0.26200
32 verbose node v24.15.0
33 verbose npm  v11.12.1
34 verbose exit 0
35 info ok
